[0.015s][info][gc] Using G1
[0.019s][info][gc,init] Version: 17.0.6+10-b829.9 (release)
[0.020s][info][gc,init] CPUs: 8 total, 8 available
[0.020s][info][gc,init] Memory: 7863M
[0.021s][info][gc,init] Large Page Support: Disabled
[0.021s][info][gc,init] NUMA Support: Disabled
[0.022s][info][gc,init] Compressed Oops: Enabled (Zero based)
[0.022s][info][gc,init] Heap Region Size: 4M
[0.023s][info][gc,init] Heap Min Capacity: 8M
[0.023s][info][gc,init] Heap Initial Capacity: 124M
[0.024s][info][gc,init] Heap Max Capacity: 5508M
[0.024s][info][gc,init] Pre-touch: Disabled
[0.025s][info][gc,init] Parallel Workers: 8
[0.027s][info][gc,init] Concurrent Workers: 2
[0.027s][info][gc,init] Concurrent Refinement Workers: 8
[0.028s][info][gc,init] Periodic GC: Disabled
[0.028s][info][gc,metaspace] CDS archive(s) not mapped
[0.029s][info][gc,metaspace] Compressed class space mapped at: 0x0000000800000000-0x0000000840000000, reserved size: 1073741824
[0.029s][info][gc,metaspace] Narrow klass base: 0x0000000800000000, Narrow klass shift: 0, Narrow klass range: 0x40000000
[0.615s][info][gc,start    ] GC(0) Pause Young (Normal) (G1 Evacuation Pause)
[0.616s][info][gc,task     ] GC(0) Using 2 workers of 8 for evacuation
[0.623s][info][gc,phases   ] GC(0)   Pre Evacuate Collection Set: 0.1ms
[0.623s][info][gc,phases   ] GC(0)   Merge Heap Roots: 0.2ms
[0.624s][info][gc,phases   ] GC(0)   Evacuate Collection Set: 5.8ms
[0.624s][info][gc,phases   ] GC(0)   Post Evacuate Collection Set: 0.8ms
[0.624s][info][gc,phases   ] GC(0)   Other: 1.1ms
[0.625s][info][gc,heap     ] GC(0) Eden regions: 5->0(4)
[0.625s][info][gc,heap     ] GC(0) Survivor regions: 0->1(1)
[0.625s][info][gc,heap     ] GC(0) Old regions: 0->1
[0.626s][info][gc,heap     ] GC(0) Archive regions: 0->0
[0.626s][info][gc,heap     ] GC(0) Humongous regions: 5->5
[0.626s][info][gc,metaspace] GC(0) Metaspace: 12648K(12800K)->12648K(12800K) NonClass: 11588K(11712K)->11588K(11712K) Class: 1060K(1088K)->1060K(1088K)
[0.627s][info][gc          ] GC(0) Pause Young (Normal) (G1 Evacuation Pause) 40M->27M(124M) 11.879ms
[0.627s][info][gc,cpu      ] GC(0) User=0.01s Sys=0.00s Real=0.01s
[0.948s][info][gc,start    ] GC(1) Pause Young (Normal) (G1 Evacuation Pause)
[0.949s][info][gc,task     ] GC(1) Using 6 workers of 8 for evacuation
[0.958s][info][gc,phases   ] GC(1)   Pre Evacuate Collection Set: 0.2ms
[0.958s][info][gc,phases   ] GC(1)   Merge Heap Roots: 0.1ms
[0.959s][info][gc,phases   ] GC(1)   Evacuate Collection Set: 6.8ms
[0.959s][info][gc,phases   ] GC(1)   Post Evacuate Collection Set: 1.2ms
[0.959s][info][gc,phases   ] GC(1)   Other: 1.4ms
[0.960s][info][gc,heap     ] GC(1) Eden regions: 4->0(6)
[0.960s][info][gc,heap     ] GC(1) Survivor regions: 1->1(1)
[0.960s][info][gc,heap     ] GC(1) Old regions: 1->3
[0.961s][info][gc,heap     ] GC(1) Archive regions: 0->0
[0.961s][info][gc,heap     ] GC(1) Humongous regions: 5->5
[0.961s][info][gc,metaspace] GC(1) Metaspace: 20689K(20864K)->20689K(20864K) NonClass: 18762K(18816K)->18762K(18816K) Class: 1926K(2048K)->1926K(2048K)
[0.962s][info][gc          ] GC(1) Pause Young (Normal) (G1 Evacuation Pause) 43M->33M(124M) 13.664ms
[0.962s][info][gc,cpu      ] GC(1) User=0.05s Sys=0.00s Real=0.02s
[0.985s][info][gc,start    ] GC(2) Pause Young (Concurrent Start) (Metadata GC Threshold)
[0.985s][info][gc,task     ] GC(2) Using 6 workers of 8 for evacuation
[0.991s][info][gc,phases   ] GC(2)   Pre Evacuate Collection Set: 0.2ms
[0.992s][info][gc,phases   ] GC(2)   Merge Heap Roots: 0.1ms
[0.992s][info][gc,phases   ] GC(2)   Evacuate Collection Set: 4.1ms
[0.992s][info][gc,phases   ] GC(2)   Post Evacuate Collection Set: 0.7ms
[0.993s][info][gc,phases   ] GC(2)   Other: 1.1ms
[0.993s][info][gc,heap     ] GC(2) Eden regions: 1->0(7)
[0.994s][info][gc,heap     ] GC(2) Survivor regions: 1->1(1)
[0.994s][info][gc,heap     ] GC(2) Old regions: 3->4
[0.994s][info][gc,heap     ] GC(2) Archive regions: 0->0
[0.995s][info][gc,heap     ] GC(2) Humongous regions: 5->5
[0.995s][info][gc,metaspace] GC(2) Metaspace: 21356K(21504K)->21356K(21504K) NonClass: 19345K(19392K)->19345K(19392K) Class: 2010K(2112K)->2010K(2112K)
[0.995s][info][gc          ] GC(2) Pause Young (Concurrent Start) (Metadata GC Threshold) 35M->34M(124M) 10.439ms
[0.996s][info][gc,cpu      ] GC(2) User=0.02s Sys=0.01s Real=0.01s
[0.996s][info][gc          ] GC(3) Concurrent Mark Cycle
[0.997s][info][gc,marking  ] GC(3) Concurrent Clear Claimed Marks
[0.997s][info][gc,marking  ] GC(3) Concurrent Clear Claimed Marks 0.529ms
[0.998s][info][gc,marking  ] GC(3) Concurrent Scan Root Regions
[1.003s][info][gc,marking  ] GC(3) Concurrent Scan Root Regions 5.651ms
[1.004s][info][gc,marking  ] GC(3) Concurrent Mark
[1.005s][info][gc,marking  ] GC(3) Concurrent Mark From Roots
[1.006s][info][gc,task     ] GC(3) Using 2 workers of 2 for marking
[1.024s][info][gc,marking  ] GC(3) Concurrent Mark From Roots 19.266ms
[1.029s][info][gc,marking  ] GC(3) Concurrent Preclean
[1.035s][info][gc,marking  ] GC(3) Concurrent Preclean 6.109ms
[1.040s][info][gc,start    ] GC(3) Pause Remark
[1.043s][info][gc          ] GC(3) Pause Remark 36M->36M(124M) 3.335ms
[1.044s][info][gc,cpu      ] GC(3) User=0.00s Sys=0.00s Real=0.00s
[1.050s][info][gc,marking  ] GC(3) Concurrent Mark 45.133ms
[1.050s][info][gc,marking  ] GC(3) Concurrent Rebuild Remembered Sets
[1.065s][info][gc,marking  ] GC(3) Concurrent Rebuild Remembered Sets 14.896ms
[1.073s][info][gc,start    ] GC(3) Pause Cleanup
[1.074s][info][gc          ] GC(3) Pause Cleanup 37M->37M(124M) 0.714ms
[1.074s][info][gc,cpu      ] GC(3) User=0.00s Sys=0.00s Real=0.00s
[1.079s][info][gc,marking  ] GC(3) Concurrent Cleanup for Next Mark
[1.107s][info][gc,marking  ] GC(3) Concurrent Cleanup for Next Mark 28.312ms
[1.114s][info][gc          ] GC(3) Concurrent Mark Cycle 117.582ms
[1.959s][info][gc,start    ] GC(4) Pause Young (Concurrent Start) (Metadata GC Threshold)
[1.960s][info][gc,task     ] GC(4) Using 8 workers of 8 for evacuation
[1.970s][info][gc,phases   ] GC(4)   Pre Evacuate Collection Set: 0.2ms
[1.970s][info][gc,phases   ] GC(4)   Merge Heap Roots: 0.2ms
[1.970s][info][gc,phases   ] GC(4)   Evacuate Collection Set: 7.9ms
[1.971s][info][gc,phases   ] GC(4)   Post Evacuate Collection Set: 1.0ms
[1.971s][info][gc,phases   ] GC(4)   Other: 1.0ms
[1.972s][info][gc,heap     ] GC(4) Eden regions: 6->0(8)
[1.972s][info][gc,heap     ] GC(4) Survivor regions: 1->1(1)
[1.973s][info][gc,heap     ] GC(4) Old regions: 4->4
[1.973s][info][gc,heap     ] GC(4) Archive regions: 0->0
[1.973s][info][gc,heap     ] GC(4) Humongous regions: 5->5
[1.974s][info][gc,metaspace] GC(4) Metaspace: 36793K(37120K)->36793K(37120K) NonClass: 32718K(32832K)->32718K(32832K) Class: 4074K(4288K)->4074K(4288K)
[1.974s][info][gc          ] GC(4) Pause Young (Concurrent Start) (Metadata GC Threshold) 57M->39M(124M) 14.763ms
[1.974s][info][gc,cpu      ] GC(4) User=0.04s Sys=0.01s Real=0.02s
[1.975s][info][gc          ] GC(5) Concurrent Mark Cycle
[1.975s][info][gc,marking  ] GC(5) Concurrent Clear Claimed Marks
[1.976s][info][gc,marking  ] GC(5) Concurrent Clear Claimed Marks 0.456ms
[1.976s][info][gc,marking  ] GC(5) Concurrent Scan Root Regions
[1.981s][info][gc,marking  ] GC(5) Concurrent Scan Root Regions 5.123ms
[1.982s][info][gc,marking  ] GC(5) Concurrent Mark
[1.983s][info][gc,marking  ] GC(5) Concurrent Mark From Roots
[1.983s][info][gc,task     ] GC(5) Using 2 workers of 2 for marking
[2.012s][info][gc,marking  ] GC(5) Concurrent Mark From Roots 29.332ms
[2.013s][info][gc,marking  ] GC(5) Concurrent Preclean
[2.013s][info][gc,marking  ] GC(5) Concurrent Preclean 0.561ms
[2.015s][info][gc,start    ] GC(5) Pause Remark
[2.019s][info][gc          ] GC(5) Pause Remark 41M->41M(124M) 4.011ms
[2.019s][info][gc,cpu      ] GC(5) User=0.02s Sys=0.00s Real=0.00s
[2.020s][info][gc,marking  ] GC(5) Concurrent Mark 37.911ms
[2.020s][info][gc,marking  ] GC(5) Concurrent Rebuild Remembered Sets
[2.021s][info][gc,marking  ] GC(5) Concurrent Rebuild Remembered Sets 0.480ms
[2.022s][info][gc,start    ] GC(5) Pause Cleanup
[2.022s][info][gc          ] GC(5) Pause Cleanup 41M->41M(124M) 0.421ms
[2.023s][info][gc,cpu      ] GC(5) User=0.00s Sys=0.00s Real=0.00s
[2.023s][info][gc,marking  ] GC(5) Concurrent Cleanup for Next Mark
[2.028s][info][gc,marking  ] GC(5) Concurrent Cleanup for Next Mark 4.520ms
[2.029s][info][gc          ] GC(5) Concurrent Mark Cycle 53.640ms
[2.429s][info][gc,start    ] GC(6) Pause Young (Concurrent Start) (G1 Evacuation Pause)
[2.429s][info][gc,task     ] GC(6) Using 8 workers of 8 for evacuation
[2.445s][info][gc,phases   ] GC(6)   Pre Evacuate Collection Set: 0.4ms
[2.446s][info][gc,phases   ] GC(6)   Merge Heap Roots: 0.2ms
[2.446s][info][gc,phases   ] GC(6)   Evacuate Collection Set: 13.8ms
[2.447s][info][gc,phases   ] GC(6)   Post Evacuate Collection Set: 1.3ms
[2.447s][info][gc,phases   ] GC(6)   Other: 1.1ms
[2.448s][info][gc,heap     ] GC(6) Eden regions: 8->0(7)
[2.448s][info][gc,heap     ] GC(6) Survivor regions: 1->2(2)
[2.448s][info][gc,heap     ] GC(6) Old regions: 4->5
[2.449s][info][gc,heap     ] GC(6) Archive regions: 0->0
[2.449s][info][gc,heap     ] GC(6) Humongous regions: 5->5
[2.450s][info][gc,metaspace] GC(6) Metaspace: 50222K(50688K)->50222K(50688K) NonClass: 44470K(44736K)->44470K(44736K) Class: 5752K(5952K)->5752K(5952K)
[2.450s][info][gc          ] GC(6) Pause Young (Concurrent Start) (G1 Evacuation Pause) 71M->46M(124M) 21.590ms
[2.451s][info][gc,cpu      ] GC(6) User=0.07s Sys=0.04s Real=0.03s
[2.451s][info][gc          ] GC(7) Concurrent Mark Cycle
[2.452s][info][gc,marking  ] GC(7) Concurrent Clear Claimed Marks
[2.454s][info][gc,marking  ] GC(7) Concurrent Clear Claimed Marks 2.874ms
[2.455s][info][gc,marking  ] GC(7) Concurrent Scan Root Regions
[2.463s][info][gc,marking  ] GC(7) Concurrent Scan Root Regions 7.613ms
[2.463s][info][gc,marking  ] GC(7) Concurrent Mark
[2.464s][info][gc,marking  ] GC(7) Concurrent Mark From Roots
[2.464s][info][gc,task     ] GC(7) Using 2 workers of 2 for marking
[2.485s][info][gc,marking  ] GC(7) Concurrent Mark From Roots 20.836ms
[2.485s][info][gc,marking  ] GC(7) Concurrent Preclean
[2.486s][info][gc,marking  ] GC(7) Concurrent Preclean 0.593ms
[2.488s][info][gc,start    ] GC(7) Pause Remark
[2.491s][info][gc          ] GC(7) Pause Remark 51M->51M(124M) 3.677ms
[2.492s][info][gc,cpu      ] GC(7) User=0.02s Sys=0.00s Real=0.01s
[2.493s][info][gc,marking  ] GC(7) Concurrent Mark 29.295ms
[2.493s][info][gc,marking  ] GC(7) Concurrent Rebuild Remembered Sets
[2.509s][info][gc,marking  ] GC(7) Concurrent Rebuild Remembered Sets 15.525ms
[2.514s][info][gc,start    ] GC(7) Pause Cleanup
[2.514s][info][gc          ] GC(7) Pause Cleanup 54M->54M(124M) 0.696ms
[2.515s][info][gc,cpu      ] GC(7) User=0.00s Sys=0.00s Real=0.00s
[2.516s][info][gc,marking  ] GC(7) Concurrent Cleanup for Next Mark
[2.517s][info][gc,marking  ] GC(7) Concurrent Cleanup for Next Mark 1.841ms
[2.518s][info][gc          ] GC(7) Concurrent Mark Cycle 66.932ms
[3.024s][info][gc,start    ] GC(8) Pause Young (Normal) (G1 Evacuation Pause)
[3.025s][info][gc,task     ] GC(8) Using 8 workers of 8 for evacuation
[3.041s][info][gc,phases   ] GC(8)   Pre Evacuate Collection Set: 0.3ms
[3.042s][info][gc,phases   ] GC(8)   Merge Heap Roots: 0.2ms
[3.042s][info][gc,phases   ] GC(8)   Evacuate Collection Set: 13.4ms
[3.043s][info][gc,phases   ] GC(8)   Post Evacuate Collection Set: 2.3ms
[3.043s][info][gc,phases   ] GC(8)   Other: 1.2ms
[3.044s][info][gc,heap     ] GC(8) Eden regions: 7->0(7)
[3.044s][info][gc,heap     ] GC(8) Survivor regions: 2->2(2)
[3.044s][info][gc,heap     ] GC(8) Old regions: 5->7
[3.045s][info][gc,heap     ] GC(8) Archive regions: 0->0
[3.045s][info][gc,heap     ] GC(8) Humongous regions: 5->5
[3.046s][info][gc,metaspace] GC(8) Metaspace: 58307K(58880K)->58307K(58880K) NonClass: 51650K(51968K)->51650K(51968K) Class: 6657K(6912K)->6657K(6912K)
[3.046s][info][gc          ] GC(8) Pause Young (Normal) (G1 Evacuation Pause) 74M->50M(124M) 21.967ms
[3.046s][info][gc,cpu      ] GC(8) User=0.08s Sys=0.02s Real=0.02s
[3.761s][info][gc,start    ] GC(9) Pause Young (Normal) (G1 Evacuation Pause)
[3.761s][info][gc,task     ] GC(9) Using 8 workers of 8 for evacuation
[3.771s][info][gc,phases   ] GC(9)   Pre Evacuate Collection Set: 0.2ms
[3.771s][info][gc,phases   ] GC(9)   Merge Heap Roots: 0.2ms
[3.772s][info][gc,phases   ] GC(9)   Evacuate Collection Set: 6.8ms
[3.772s][info][gc,phases   ] GC(9)   Post Evacuate Collection Set: 1.8ms
[3.772s][info][gc,phases   ] GC(9)   Other: 1.0ms
[3.773s][info][gc,heap     ] GC(9) Eden regions: 7->0(7)
[3.773s][info][gc,heap     ] GC(9) Survivor regions: 2->2(2)
[3.773s][info][gc,heap     ] GC(9) Old regions: 7->7
[3.774s][info][gc,heap     ] GC(9) Archive regions: 0->0
[3.774s][info][gc,heap     ] GC(9) Humongous regions: 5->5
[3.775s][info][gc,metaspace] GC(9) Metaspace: 73591K(74304K)->73591K(74304K) NonClass: 65056K(65472K)->65056K(65472K) Class: 8535K(8832K)->8535K(8832K)
[3.775s][info][gc          ] GC(9) Pause Young (Normal) (G1 Evacuation Pause) 78M->53M(124M) 14.277ms
[3.775s][info][gc,cpu      ] GC(9) User=0.05s Sys=0.00s Real=0.01s
[4.406s][info][gc,start    ] GC(10) Pause Young (Concurrent Start) (Metadata GC Threshold)
[4.406s][info][gc,task     ] GC(10) Using 8 workers of 8 for evacuation
[4.419s][info][gc,phases   ] GC(10)   Pre Evacuate Collection Set: 0.3ms
[4.419s][info][gc,phases   ] GC(10)   Merge Heap Roots: 0.2ms
[4.420s][info][gc,phases   ] GC(10)   Evacuate Collection Set: 9.3ms
[4.420s][info][gc,phases   ] GC(10)   Post Evacuate Collection Set: 2.0ms
[4.420s][info][gc,phases   ] GC(10)   Other: 1.2ms
[4.421s][info][gc,heap     ] GC(10) Eden regions: 6->0(12)
[4.421s][info][gc,heap     ] GC(10) Survivor regions: 2->1(2)
[4.421s][info][gc,heap     ] GC(10) Old regions: 7->9
[4.422s][info][gc,heap     ] GC(10) Archive regions: 0->0
[4.422s][info][gc,heap     ] GC(10) Humongous regions: 5->5
[4.423s][info][gc,metaspace] GC(10) Metaspace: 83815K(84608K)->83815K(84608K) NonClass: 74008K(74432K)->74008K(74432K) Class: 9806K(10176K)->9806K(10176K)
[4.423s][info][gc          ] GC(10) Pause Young (Concurrent Start) (Metadata GC Threshold) 77M->56M(152M) 17.249ms
[4.423s][info][gc,cpu      ] GC(10) User=0.01s Sys=0.06s Real=0.02s
[4.424s][info][gc          ] GC(11) Concurrent Mark Cycle
[4.425s][info][gc,marking  ] GC(11) Concurrent Clear Claimed Marks
[4.426s][info][gc,marking  ] GC(11) Concurrent Clear Claimed Marks 0.989ms
[4.426s][info][gc,marking  ] GC(11) Concurrent Scan Root Regions
[4.434s][info][gc,marking  ] GC(11) Concurrent Scan Root Regions 7.654ms
[4.435s][info][gc,marking  ] GC(11) Concurrent Mark
[4.435s][info][gc,marking  ] GC(11) Concurrent Mark From Roots
[4.436s][info][gc,task     ] GC(11) Using 2 workers of 2 for marking
[4.460s][info][gc,marking  ] GC(11) Concurrent Mark From Roots 24.711ms
[4.460s][info][gc,marking  ] GC(11) Concurrent Preclean
[4.461s][info][gc,marking  ] GC(11) Concurrent Preclean 0.550ms
[4.462s][info][gc,start    ] GC(11) Pause Remark
[4.466s][info][gc          ] GC(11) Pause Remark 57M->57M(152M) 4.128ms
[4.466s][info][gc,cpu      ] GC(11) User=0.02s Sys=0.00s Real=0.00s
[4.467s][info][gc,marking  ] GC(11) Concurrent Mark 32.078ms
[4.467s][info][gc,marking  ] GC(11) Concurrent Rebuild Remembered Sets
[4.484s][info][gc,marking  ] GC(11) Concurrent Rebuild Remembered Sets 16.285ms
[4.484s][info][gc,start    ] GC(11) Pause Cleanup
[4.485s][info][gc          ] GC(11) Pause Cleanup 58M->58M(152M) 0.637ms
[4.486s][info][gc,cpu      ] GC(11) User=0.00s Sys=0.00s Real=0.00s
[4.486s][info][gc,marking  ] GC(11) Concurrent Cleanup for Next Mark
[4.487s][info][gc,marking  ] GC(11) Concurrent Cleanup for Next Mark 0.690ms
[4.487s][info][gc          ] GC(11) Concurrent Mark Cycle 63.305ms
[5.258s][info][gc,start    ] GC(12) Pause Young (Prepare Mixed) (G1 Evacuation Pause)
[5.258s][info][gc,task     ] GC(12) Using 8 workers of 8 for evacuation
[5.273s][info][gc,phases   ] GC(12)   Pre Evacuate Collection Set: 0.2ms
[5.273s][info][gc,phases   ] GC(12)   Merge Heap Roots: 0.2ms
[5.274s][info][gc,phases   ] GC(12)   Evacuate Collection Set: 11.6ms
[5.274s][info][gc,phases   ] GC(12)   Post Evacuate Collection Set: 1.9ms
[5.275s][info][gc,phases   ] GC(12)   Other: 1.1ms
[5.275s][info][gc,heap     ] GC(12) Eden regions: 12->0(1)
[5.276s][info][gc,heap     ] GC(12) Survivor regions: 1->2(2)
[5.276s][info][gc,heap     ] GC(12) Old regions: 9->10
[5.276s][info][gc,heap     ] GC(12) Archive regions: 0->0
[5.277s][info][gc,heap     ] GC(12) Humongous regions: 5->5
[5.277s][info][gc,metaspace] GC(12) Metaspace: 93396K(94208K)->93396K(94208K) NonClass: 82301K(82752K)->82301K(82752K) Class: 11095K(11456K)->11095K(11456K)
[5.277s][info][gc          ] GC(12) Pause Young (Prepare Mixed) (G1 Evacuation Pause) 104M->67M(152M) 19.745ms
[5.278s][info][gc,cpu      ] GC(12) User=0.09s Sys=0.00s Real=0.02s
[5.300s][info][gc,start    ] GC(13) Pause Young (Mixed) (G1 Evacuation Pause)
[5.301s][info][gc,task     ] GC(13) Using 8 workers of 8 for evacuation
[5.317s][info][gc,phases   ] GC(13)   Pre Evacuate Collection Set: 0.4ms
[5.317s][info][gc,phases   ] GC(13)   Merge Heap Roots: 0.3ms
[5.318s][info][gc,phases   ] GC(13)   Evacuate Collection Set: 13.6ms
[5.318s][info][gc,phases   ] GC(13)   Post Evacuate Collection Set: 1.0ms
[5.319s][info][gc,phases   ] GC(13)   Other: 1.3ms
[5.319s][info][gc,heap     ] GC(13) Eden regions: 1->0(9)
[5.320s][info][gc,heap     ] GC(13) Survivor regions: 2->1(1)
[5.320s][info][gc,heap     ] GC(13) Old regions: 10->12
[5.320s][info][gc,heap     ] GC(13) Archive regions: 0->0
[5.321s][info][gc,heap     ] GC(13) Humongous regions: 5->5
[5.321s][info][gc,metaspace] GC(13) Metaspace: 93542K(94528K)->93542K(94528K) NonClass: 82421K(83008K)->82421K(83008K) Class: 11120K(11520K)->11120K(11520K)
[5.321s][info][gc          ] GC(13) Pause Young (Mixed) (G1 Evacuation Pause) 71M->69M(152M) 21.111ms
[5.322s][info][gc,cpu      ] GC(13) User=0.08s Sys=0.01s Real=0.02s
[6.071s][info][gc,start    ] GC(14) Pause Young (Concurrent Start) (G1 Evacuation Pause)
[6.072s][info][gc,task     ] GC(14) Using 8 workers of 8 for evacuation
[6.082s][info][gc,phases   ] GC(14)   Pre Evacuate Collection Set: 0.4ms
[6.083s][info][gc,phases   ] GC(14)   Merge Heap Roots: 0.2ms
[6.083s][info][gc,phases   ] GC(14)   Evacuate Collection Set: 8.2ms
[6.084s][info][gc,phases   ] GC(14)   Post Evacuate Collection Set: 1.2ms
[6.084s][info][gc,phases   ] GC(14)   Other: 1.3ms
[6.085s][info][gc,heap     ] GC(14) Eden regions: 9->0(8)
[6.085s][info][gc,heap     ] GC(14) Survivor regions: 1->2(2)
[6.085s][info][gc,heap     ] GC(14) Old regions: 12->13
[6.086s][info][gc,heap     ] GC(14) Archive regions: 0->0
[6.086s][info][gc,heap     ] GC(14) Humongous regions: 5->5
[6.087s][info][gc,metaspace] GC(14) Metaspace: 99068K(100096K)->99068K(100096K) NonClass: 87267K(87808K)->87267K(87808K) Class: 11801K(12288K)->11801K(12288K)
[6.087s][info][gc          ] GC(14) Pause Young (Concurrent Start) (G1 Evacuation Pause) 105M->77M(152M) 15.970ms
[6.087s][info][gc,cpu      ] GC(14) User=0.07s Sys=0.00s Real=0.01s
[6.088s][info][gc          ] GC(15) Concurrent Mark Cycle
[6.088s][info][gc,marking  ] GC(15) Concurrent Clear Claimed Marks
[6.089s][info][gc,marking  ] GC(15) Concurrent Clear Claimed Marks 0.545ms
[6.089s][info][gc,marking  ] GC(15) Concurrent Scan Root Regions
[6.095s][info][gc,marking  ] GC(15) Concurrent Scan Root Regions 5.670ms
[6.096s][info][gc,marking  ] GC(15) Concurrent Mark
[6.096s][info][gc,marking  ] GC(15) Concurrent Mark From Roots
[6.097s][info][gc,task     ] GC(15) Using 2 workers of 2 for marking
[6.164s][info][gc,marking  ] GC(15) Concurrent Mark From Roots 67.954ms
[6.165s][info][gc,marking  ] GC(15) Concurrent Preclean
[6.165s][info][gc,marking  ] GC(15) Concurrent Preclean 0.747ms
[6.166s][info][gc,start    ] GC(15) Pause Remark
[6.177s][info][gc          ] GC(15) Pause Remark 80M->80M(152M) 10.286ms
[6.177s][info][gc,cpu      ] GC(15) User=0.06s Sys=0.00s Real=0.01s
[6.178s][info][gc,marking  ] GC(15) Concurrent Mark 82.064ms
[6.178s][info][gc,marking  ] GC(15) Concurrent Rebuild Remembered Sets
[6.213s][info][gc,marking  ] GC(15) Concurrent Rebuild Remembered Sets 35.179ms
[6.223s][info][gc,start    ] GC(15) Pause Cleanup
[6.224s][info][gc          ] GC(15) Pause Cleanup 81M->81M(152M) 0.746ms
[6.224s][info][gc,cpu      ] GC(15) User=0.00s Sys=0.00s Real=0.00s
[6.225s][info][gc,marking  ] GC(15) Concurrent Cleanup for Next Mark
[6.227s][info][gc,marking  ] GC(15) Concurrent Cleanup for Next Mark 2.343ms
[6.228s][info][gc          ] GC(15) Concurrent Mark Cycle 140.698ms
[6.810s][info][gc,start    ] GC(16) Pause Young (Normal) (G1 Evacuation Pause)
[6.811s][info][gc,task     ] GC(16) Using 8 workers of 8 for evacuation
[6.825s][info][gc,phases   ] GC(16)   Pre Evacuate Collection Set: 0.3ms
[6.825s][info][gc,phases   ] GC(16)   Merge Heap Roots: 0.2ms
[6.826s][info][gc,phases   ] GC(16)   Evacuate Collection Set: 11.4ms
[6.826s][info][gc,phases   ] GC(16)   Post Evacuate Collection Set: 1.4ms
[6.826s][info][gc,phases   ] GC(16)   Other: 1.1ms
[6.827s][info][gc,heap     ] GC(16) Eden regions: 8->0(7)
[6.827s][info][gc,heap     ] GC(16) Survivor regions: 2->2(2)
[6.828s][info][gc,heap     ] GC(16) Old regions: 13->15
[6.828s][info][gc,heap     ] GC(16) Archive regions: 0->0
[6.828s][info][gc,heap     ] GC(16) Humongous regions: 5->5
[6.829s][info][gc,metaspace] GC(16) Metaspace: 101242K(102208K)->101242K(102208K) NonClass: 89218K(89728K)->89218K(89728K) Class: 12024K(12480K)->12024K(12480K)
[6.829s][info][gc          ] GC(16) Pause Young (Normal) (G1 Evacuation Pause) 109M->84M(152M) 18.830ms
[6.830s][info][gc,cpu      ] GC(16) User=0.07s Sys=0.02s Real=0.01s
[7.164s][info][gc,start    ] GC(17) Pause Young (Concurrent Start) (G1 Evacuation Pause)
[7.164s][info][gc,task     ] GC(17) Using 8 workers of 8 for evacuation
[7.172s][info][gc,phases   ] GC(17)   Pre Evacuate Collection Set: 0.4ms
[7.172s][info][gc,phases   ] GC(17)   Merge Heap Roots: 0.4ms
[7.173s][info][gc,phases   ] GC(17)   Evacuate Collection Set: 4.6ms
[7.173s][info][gc,phases   ] GC(17)   Post Evacuate Collection Set: 1.2ms
[7.174s][info][gc,phases   ] GC(17)   Other: 1.4ms
[7.174s][info][gc,heap     ] GC(17) Eden regions: 7->0(7)
[7.174s][info][gc,heap     ] GC(17) Survivor regions: 2->1(2)
[7.175s][info][gc,heap     ] GC(17) Old regions: 15->16
[7.175s][info][gc,heap     ] GC(17) Archive regions: 0->0
[7.176s][info][gc,heap     ] GC(17) Humongous regions: 5->5
[7.176s][info][gc,metaspace] GC(17) Metaspace: 101797K(102784K)->101797K(102784K) NonClass: 89759K(90304K)->89759K(90304K) Class: 12038K(12480K)->12038K(12480K)
[7.177s][info][gc          ] GC(17) Pause Young (Concurrent Start) (G1 Evacuation Pause) 112M->84M(152M) 12.957ms
[7.177s][info][gc,cpu      ] GC(17) User=0.02s Sys=0.01s Real=0.01s
[7.177s][info][gc          ] GC(18) Concurrent Mark Cycle
[7.178s][info][gc,marking  ] GC(18) Concurrent Clear Claimed Marks
[7.178s][info][gc,marking  ] GC(18) Concurrent Clear Claimed Marks 0.526ms
[7.179s][info][gc,marking  ] GC(18) Concurrent Scan Root Regions
[7.184s][info][gc,marking  ] GC(18) Concurrent Scan Root Regions 4.844ms
[7.184s][info][gc,marking  ] GC(18) Concurrent Mark
[7.185s][info][gc,marking  ] GC(18) Concurrent Mark From Roots
[7.185s][info][gc,task     ] GC(18) Using 2 workers of 2 for marking
[7.249s][info][gc,marking  ] GC(18) Concurrent Mark From Roots 64.421ms
[7.250s][info][gc,marking  ] GC(18) Concurrent Preclean
[7.250s][info][gc,marking  ] GC(18) Concurrent Preclean 0.780ms
[7.251s][info][gc,start    ] GC(18) Pause Remark
[7.257s][info][gc          ] GC(18) Pause Remark 89M->89M(160M) 5.261ms
[7.257s][info][gc,cpu      ] GC(18) User=0.02s Sys=0.00s Real=0.00s
[7.258s][info][gc,marking  ] GC(18) Concurrent Mark 73.515ms
[7.258s][info][gc,marking  ] GC(18) Concurrent Rebuild Remembered Sets
[7.294s][info][gc,marking  ] GC(18) Concurrent Rebuild Remembered Sets 35.692ms
[7.295s][info][gc,start    ] GC(18) Pause Cleanup
[7.296s][info][gc          ] GC(18) Pause Cleanup 95M->95M(160M) 0.676ms
[7.296s][info][gc,cpu      ] GC(18) User=0.00s Sys=0.00s Real=0.00s
[7.297s][info][gc,marking  ] GC(18) Concurrent Cleanup for Next Mark
[7.297s][info][gc,marking  ] GC(18) Concurrent Cleanup for Next Mark 0.658ms
[7.298s][info][gc          ] GC(18) Concurrent Mark Cycle 120.285ms
[7.534s][info][gc,start    ] GC(19) Pause Young (Normal) (G1 Evacuation Pause)
[7.534s][info][gc,task     ] GC(19) Using 8 workers of 8 for evacuation
[7.541s][info][gc,phases   ] GC(19)   Pre Evacuate Collection Set: 0.2ms
[7.541s][info][gc,phases   ] GC(19)   Merge Heap Roots: 0.2ms
[7.542s][info][gc,phases   ] GC(19)   Evacuate Collection Set: 4.3ms
[7.542s][info][gc,phases   ] GC(19)   Post Evacuate Collection Set: 1.3ms
[7.543s][info][gc,phases   ] GC(19)   Other: 1.0ms
[7.543s][info][gc,heap     ] GC(19) Eden regions: 7->0(8)
[7.543s][info][gc,heap     ] GC(19) Survivor regions: 1->1(1)
[7.544s][info][gc,heap     ] GC(19) Old regions: 16->17
[7.544s][info][gc,heap     ] GC(19) Archive regions: 0->0
[7.545s][info][gc,heap     ] GC(19) Humongous regions: 5->5
[7.545s][info][gc,metaspace] GC(19) Metaspace: 103150K(104192K)->103150K(104192K) NonClass: 90936K(91520K)->90936K(91520K) Class: 12213K(12672K)->12213K(12672K)
[7.546s][info][gc          ] GC(19) Pause Young (Normal) (G1 Evacuation Pause) 112M->87M(160M) 11.706ms
[7.546s][info][gc,cpu      ] GC(19) User=0.03s Sys=0.00s Real=0.01s
[18.869s][info][gc,start    ] GC(20) Pause Young (Concurrent Start) (G1 Evacuation Pause)
[18.878s][info][gc,task     ] GC(20) Using 8 workers of 8 for evacuation
[18.903s][info][gc,phases   ] GC(20)   Pre Evacuate Collection Set: 1.0ms
[18.903s][info][gc,phases   ] GC(20)   Merge Heap Roots: 0.4ms
[18.904s][info][gc,phases   ] GC(20)   Evacuate Collection Set: 17.8ms
[18.905s][info][gc,phases   ] GC(20)   Post Evacuate Collection Set: 3.0ms
[18.906s][info][gc,phases   ] GC(20)   Other: 11.5ms
[18.906s][info][gc,heap     ] GC(20) Eden regions: 8->0(32)
[18.908s][info][gc,heap     ] GC(20) Survivor regions: 1->2(2)
[18.910s][info][gc,heap     ] GC(20) Old regions: 17->17
[18.911s][info][gc,heap     ] GC(20) Archive regions: 0->0
[18.912s][info][gc,heap     ] GC(20) Humongous regions: 5->5
[18.913s][info][gc,metaspace] GC(20) Metaspace: 108393K(109376K)->108393K(109376K) NonClass: 95673K(96192K)->95673K(96192K) Class: 12719K(13184K)->12719K(13184K)
[18.914s][info][gc          ] GC(20) Pause Young (Concurrent Start) (G1 Evacuation Pause) 119M->91M(320M) 44.636ms
[18.914s][info][gc,cpu      ] GC(20) User=0.09s Sys=0.05s Real=0.05s
[18.920s][info][gc          ] GC(21) Concurrent Mark Cycle
[18.920s][info][gc,marking  ] GC(21) Concurrent Clear Claimed Marks
[18.922s][info][gc,marking  ] GC(21) Concurrent Clear Claimed Marks 1.323ms
[18.928s][info][gc,marking  ] GC(21) Concurrent Scan Root Regions
[18.999s][info][gc,marking  ] GC(21) Concurrent Scan Root Regions 71.853ms
[19.002s][info][gc,marking  ] GC(21) Concurrent Mark
[19.018s][info][gc,marking  ] GC(21) Concurrent Mark From Roots
[19.019s][info][gc,task     ] GC(21) Using 2 workers of 2 for marking
[19.210s][info][gc,marking  ] GC(21) Concurrent Mark From Roots 191.233ms
[19.212s][info][gc,marking  ] GC(21) Concurrent Preclean
[19.214s][info][gc,marking  ] GC(21) Concurrent Preclean 2.243ms
[19.217s][info][gc,start    ] GC(21) Pause Remark
[19.226s][info][gc          ] GC(21) Pause Remark 98M->98M(320M) 8.629ms
[19.226s][info][gc,cpu      ] GC(21) User=0.05s Sys=0.00s Real=0.01s
[19.227s][info][gc,marking  ] GC(21) Concurrent Mark 224.347ms
[19.227s][info][gc,marking  ] GC(21) Concurrent Rebuild Remembered Sets
[19.281s][info][gc,marking  ] GC(21) Concurrent Rebuild Remembered Sets 53.053ms
[19.281s][info][gc,start    ] GC(21) Pause Cleanup
[19.282s][info][gc          ] GC(21) Pause Cleanup 98M->98M(320M) 0.897ms
[19.283s][info][gc,cpu      ] GC(21) User=0.00s Sys=0.00s Real=0.00s
[19.284s][info][gc,marking  ] GC(21) Concurrent Cleanup for Next Mark
[19.286s][info][gc,marking  ] GC(21) Concurrent Cleanup for Next Mark 2.424ms
[19.287s][info][gc          ] GC(21) Concurrent Mark Cycle 367.051ms
[39.619s][info][gc,start    ] GC(22) Pause Young (Normal) (G1 Evacuation Pause)
[39.620s][info][gc,task     ] GC(22) Using 8 workers of 8 for evacuation
[39.650s][info][gc,phases   ] GC(22)   Pre Evacuate Collection Set: 0.2ms
[39.651s][info][gc,phases   ] GC(22)   Merge Heap Roots: 0.2ms
[39.651s][info][gc,phases   ] GC(22)   Evacuate Collection Set: 26.6ms
[39.652s][info][gc,phases   ] GC(22)   Post Evacuate Collection Set: 3.0ms
[39.652s][info][gc,phases   ] GC(22)   Other: 1.2ms
[39.652s][info][gc,heap     ] GC(22) Eden regions: 32->0(29)
[39.653s][info][gc,heap     ] GC(22) Survivor regions: 2->5(5)
[39.653s][info][gc,heap     ] GC(22) Old regions: 17->18
[39.654s][info][gc,heap     ] GC(22) Archive regions: 0->0
[39.654s][info][gc,heap     ] GC(22) Humongous regions: 5->5
[39.654s][info][gc,metaspace] GC(22) Metaspace: 129261K(130432K)->129261K(130432K) NonClass: 113669K(114304K)->113669K(114304K) Class: 15592K(16128K)->15592K(16128K)
[39.655s][info][gc          ] GC(22) Pause Young (Normal) (G1 Evacuation Pause) 219M->111M(320M) 35.750ms
[39.655s][info][gc,cpu      ] GC(22) User=0.17s Sys=0.04s Real=0.04s
[40.917s][info][gc,start    ] GC(23) Pause Young (Normal) (G1 Evacuation Pause)
[40.917s][info][gc,task     ] GC(23) Using 8 workers of 8 for evacuation
[40.961s][info][gc,phases   ] GC(23)   Pre Evacuate Collection Set: 0.3ms
[40.961s][info][gc,phases   ] GC(23)   Merge Heap Roots: 0.4ms
[40.961s][info][gc,phases   ] GC(23)   Evacuate Collection Set: 40.3ms
[40.962s][info][gc,phases   ] GC(23)   Post Evacuate Collection Set: 1.3ms
[40.962s][info][gc,phases   ] GC(23)   Other: 1.6ms
[40.963s][info][gc,heap     ] GC(23) Eden regions: 29->0(24)
[40.963s][info][gc,heap     ] GC(23) Survivor regions: 5->5(5)
[40.963s][info][gc,heap     ] GC(23) Old regions: 18->24
[40.964s][info][gc,heap     ] GC(23) Archive regions: 0->0
[40.964s][info][gc,heap     ] GC(23) Humongous regions: 6->5
[40.965s][info][gc,metaspace] GC(23) Metaspace: 130708K(131904K)->130708K(131904K) NonClass: 114978K(115648K)->114978K(115648K) Class: 15730K(16256K)->15730K(16256K)
[40.965s][info][gc          ] GC(23) Pause Young (Normal) (G1 Evacuation Pause) 231M->132M(320M) 48.311ms
[40.966s][info][gc,cpu      ] GC(23) User=0.31s Sys=0.01s Real=0.05s
[41.834s][info][gc,start    ] GC(24) Pause Young (Normal) (G1 Evacuation Pause)
[41.835s][info][gc,task     ] GC(24) Using 8 workers of 8 for evacuation
[41.873s][info][gc,phases   ] GC(24)   Pre Evacuate Collection Set: 0.3ms
[41.873s][info][gc,phases   ] GC(24)   Merge Heap Roots: 0.2ms
[41.874s][info][gc,phases   ] GC(24)   Evacuate Collection Set: 35.0ms
[41.874s][info][gc,phases   ] GC(24)   Post Evacuate Collection Set: 1.9ms
[41.875s][info][gc,phases   ] GC(24)   Other: 1.1ms
[41.875s][info][gc,heap     ] GC(24) Eden regions: 24->0(20)
[41.875s][info][gc,heap     ] GC(24) Survivor regions: 5->4(4)
[41.876s][info][gc,heap     ] GC(24) Old regions: 24->30
[41.876s][info][gc,heap     ] GC(24) Archive regions: 0->0
[41.876s][info][gc,heap     ] GC(24) Humongous regions: 5->5
[41.877s][info][gc,metaspace] GC(24) Metaspace: 133688K(134848K)->133688K(134848K) NonClass: 117454K(118080K)->117454K(118080K) Class: 16234K(16768K)->16234K(16768K)
[41.877s][info][gc          ] GC(24) Pause Young (Normal) (G1 Evacuation Pause) 228M->155M(320M) 42.712ms
[41.877s][info][gc,cpu      ] GC(24) User=0.28s Sys=0.00s Real=0.04s
[42.407s][info][gc,start    ] GC(25) Pause Young (Normal) (G1 Evacuation Pause)
[42.408s][info][gc,task     ] GC(25) Using 8 workers of 8 for evacuation
[42.435s][info][gc,phases   ] GC(25)   Pre Evacuate Collection Set: 0.3ms
[42.435s][info][gc,phases   ] GC(25)   Merge Heap Roots: 0.3ms
[42.435s][info][gc,phases   ] GC(25)   Evacuate Collection Set: 23.6ms
[42.436s][info][gc,phases   ] GC(25)   Post Evacuate Collection Set: 1.8ms
[42.437s][info][gc,phases   ] GC(25)   Other: 1.2ms
[42.437s][info][gc,heap     ] GC(25) Eden regions: 20->0(18)
[42.438s][info][gc,heap     ] GC(25) Survivor regions: 4->3(3)
[42.438s][info][gc,heap     ] GC(25) Old regions: 30->35
[42.439s][info][gc,heap     ] GC(25) Archive regions: 0->0
[42.439s][info][gc,heap     ] GC(25) Humongous regions: 5->5
[42.439s][info][gc,metaspace] GC(25) Metaspace: 134163K(135360K)->134163K(135360K) NonClass: 117881K(118528K)->117881K(118528K) Class: 16282K(16832K)->16282K(16832K)
[42.440s][info][gc          ] GC(25) Pause Young (Normal) (G1 Evacuation Pause) 235M->170M(320M) 32.458ms
[42.440s][info][gc,cpu      ] GC(25) User=0.16s Sys=0.01s Real=0.04s
[42.746s][info][gc,start    ] GC(26) Pause Young (Concurrent Start) (G1 Evacuation Pause)
[42.747s][info][gc,task     ] GC(26) Using 8 workers of 8 for evacuation
[42.769s][info][gc,phases   ] GC(26)   Pre Evacuate Collection Set: 0.4ms
[42.769s][info][gc,phases   ] GC(26)   Merge Heap Roots: 0.3ms
[42.770s][info][gc,phases   ] GC(26)   Evacuate Collection Set: 18.8ms
[42.770s][info][gc,phases   ] GC(26)   Post Evacuate Collection Set: 1.7ms
[42.771s][info][gc,phases   ] GC(26)   Other: 1.1ms
[42.771s][info][gc,heap     ] GC(26) Eden regions: 18->0(17)
[42.771s][info][gc,heap     ] GC(26) Survivor regions: 3->2(3)
[42.772s][info][gc,heap     ] GC(26) Old regions: 35->38
[42.772s][info][gc,heap     ] GC(26) Archive regions: 0->0
[42.773s][info][gc,heap     ] GC(26) Humongous regions: 5->5
[42.773s][info][gc,metaspace] GC(26) Metaspace: 134383K(135552K)->134383K(135552K) NonClass: 118093K(118720K)->118093K(118720K) Class: 16289K(16832K)->16289K(16832K)
[42.773s][info][gc          ] GC(26) Pause Young (Concurrent Start) (G1 Evacuation Pause) 242M->178M(320M) 26.965ms
[42.774s][info][gc,cpu      ] GC(26) User=0.13s Sys=0.00s Real=0.03s
[42.774s][info][gc          ] GC(27) Concurrent Mark Cycle
[42.786s][info][gc,marking  ] GC(27) Concurrent Clear Claimed Marks
[42.788s][info][gc,marking  ] GC(27) Concurrent Clear Claimed Marks 2.060ms
[42.788s][info][gc,marking  ] GC(27) Concurrent Scan Root Regions
[42.850s][info][gc,marking  ] GC(27) Concurrent Scan Root Regions 61.709ms
[42.853s][info][gc,marking  ] GC(27) Concurrent Mark
[42.854s][info][gc,marking  ] GC(27) Concurrent Mark From Roots
[42.854s][info][gc,task     ] GC(27) Using 2 workers of 2 for marking
[43.096s][info][gc,start    ] GC(28) Pause Young (Normal) (G1 Evacuation Pause)
[43.096s][info][gc,task     ] GC(28) Using 8 workers of 8 for evacuation
[43.111s][info][gc,phases   ] GC(28)   Pre Evacuate Collection Set: 0.2ms
[43.111s][info][gc,phases   ] GC(28)   Merge Heap Roots: 0.4ms
[43.112s][info][gc,phases   ] GC(28)   Evacuate Collection Set: 10.9ms
[43.112s][info][gc,phases   ] GC(28)   Post Evacuate Collection Set: 2.6ms
[43.113s][info][gc,phases   ] GC(28)   Other: 1.2ms
[43.113s][info][gc,heap     ] GC(28) Eden regions: 17->0(41)
[43.113s][info][gc,heap     ] GC(28) Survivor regions: 2->2(3)
[43.114s][info][gc,heap     ] GC(28) Old regions: 38->39
[43.114s][info][gc,heap     ] GC(28) Archive regions: 0->0
[43.115s][info][gc,heap     ] GC(28) Humongous regions: 5->5
[43.115s][info][gc,metaspace] GC(28) Metaspace: 134430K(135616K)->134430K(135616K) NonClass: 118140K(118784K)->118140K(118784K) Class: 16289K(16832K)->16289K(16832K)
[43.116s][info][gc          ] GC(28) Pause Young (Normal) (G1 Evacuation Pause) 246M->180M(472M) 19.925ms
[43.116s][info][gc,cpu      ] GC(28) User=0.08s Sys=0.00s Real=0.02s
[43.172s][info][gc,marking  ] GC(27) Concurrent Mark From Roots 317.892ms
[43.175s][info][gc,marking  ] GC(27) Concurrent Preclean
[43.177s][info][gc,marking  ] GC(27) Concurrent Preclean 1.846ms
[43.179s][info][gc,start    ] GC(27) Pause Remark
[43.192s][info][gc          ] GC(27) Pause Remark 197M->197M(472M) 13.642ms
[43.193s][info][gc,cpu      ] GC(27) User=0.08s Sys=0.00s Real=0.02s
[43.195s][info][gc,marking  ] GC(27) Concurrent Mark 341.261ms
[43.197s][info][gc,marking  ] GC(27) Concurrent Rebuild Remembered Sets
[43.376s][info][gc,marking  ] GC(27) Concurrent Rebuild Remembered Sets 179.000ms
[43.377s][info][gc,start    ] GC(27) Pause Cleanup
[43.378s][info][gc          ] GC(27) Pause Cleanup 244M->244M(472M) 0.855ms
[43.379s][info][gc,cpu      ] GC(27) User=0.01s Sys=0.00s Real=0.00s
[43.379s][info][gc,marking  ] GC(27) Concurrent Cleanup for Next Mark
[43.385s][info][gc,marking  ] GC(27) Concurrent Cleanup for Next Mark 5.983ms
[43.388s][info][gc          ] GC(27) Concurrent Mark Cycle 613.641ms
[44.295s][info][gc,start    ] GC(29) Pause Young (Prepare Mixed) (G1 Evacuation Pause)
[44.295s][info][gc,task     ] GC(29) Using 8 workers of 8 for evacuation
[44.318s][info][gc,phases   ] GC(29)   Pre Evacuate Collection Set: 0.3ms
[44.318s][info][gc,phases   ] GC(29)   Merge Heap Roots: 0.2ms
[44.319s][info][gc,phases   ] GC(29)   Evacuate Collection Set: 18.9ms
[44.319s][info][gc,phases   ] GC(29)   Post Evacuate Collection Set: 2.4ms
[44.319s][info][gc,phases   ] GC(29)   Other: 1.1ms
[44.320s][info][gc,heap     ] GC(29) Eden regions: 41->0(1)
[44.320s][info][gc,heap     ] GC(29) Survivor regions: 2->5(6)
[44.321s][info][gc,heap     ] GC(29) Old regions: 39->39
[44.321s][info][gc,heap     ] GC(29) Archive regions: 0->0
[44.322s][info][gc,heap     ] GC(29) Humongous regions: 5->5
[44.322s][info][gc,metaspace] GC(29) Metaspace: 138390K(139520K)->138390K(139520K) NonClass: 121300K(121920K)->121300K(121920K) Class: 17090K(17600K)->17090K(17600K)
[44.322s][info][gc          ] GC(29) Pause Young (Prepare Mixed) (G1 Evacuation Pause) 344M->194M(472M) 27.632ms
[44.323s][info][gc,cpu      ] GC(29) User=0.14s Sys=0.01s Real=0.03s
[44.347s][info][gc,start    ] GC(30) Pause Young (Mixed) (G1 Evacuation Pause)
[44.347s][info][gc,task     ] GC(30) Using 8 workers of 8 for evacuation
[44.368s][info][gc,phases   ] GC(30)   Pre Evacuate Collection Set: 0.2ms
[44.369s][info][gc,phases   ] GC(30)   Merge Heap Roots: 0.2ms
[44.369s][info][gc,phases   ] GC(30)   Evacuate Collection Set: 19.0ms
[44.369s][info][gc,phases   ] GC(30)   Post Evacuate Collection Set: 0.9ms
[44.370s][info][gc,phases   ] GC(30)   Other: 1.1ms
[44.370s][info][gc,heap     ] GC(30) Eden regions: 1->0(42)
[44.371s][info][gc,heap     ] GC(30) Survivor regions: 5->1(1)
[44.371s][info][gc,heap     ] GC(30) Old regions: 39->41
[44.371s][info][gc,heap     ] GC(30) Archive regions: 0->0
[44.372s][info][gc,heap     ] GC(30) Humongous regions: 5->5
[44.372s][info][gc,metaspace] GC(30) Metaspace: 138392K(139584K)->138392K(139584K) NonClass: 121302K(121984K)->121302K(121984K) Class: 17090K(17600K)->17090K(17600K)
[44.372s][info][gc          ] GC(30) Pause Young (Mixed) (G1 Evacuation Pause) 198M->187M(472M) 25.386ms
[44.373s][info][gc,cpu      ] GC(30) User=0.14s Sys=0.01s Real=0.03s
[46.079s][info][gc,start    ] GC(31) Pause Young (Normal) (G1 Evacuation Pause)
[46.079s][info][gc,task     ] GC(31) Using 8 workers of 8 for evacuation
[46.103s][info][gc,phases   ] GC(31)   Pre Evacuate Collection Set: 0.3ms
[46.104s][info][gc,phases   ] GC(31)   Merge Heap Roots: 0.3ms
[46.104s][info][gc,phases   ] GC(31)   Evacuate Collection Set: 21.7ms
[46.105s][info][gc,phases   ] GC(31)   Post Evacuate Collection Set: 1.3ms
[46.105s][info][gc,phases   ] GC(31)   Other: 1.4ms
[46.106s][info][gc,heap     ] GC(31) Eden regions: 42->0(40)
[46.106s][info][gc,heap     ] GC(31) Survivor regions: 1->5(6)
[46.106s][info][gc,heap     ] GC(31) Old regions: 41->41
[46.107s][info][gc,heap     ] GC(31) Archive regions: 0->0
[46.108s][info][gc,heap     ] GC(31) Humongous regions: 5->5
[46.108s][info][gc,metaspace] GC(31) Metaspace: 140285K(141440K)->140285K(141440K) NonClass: 123102K(123712K)->123102K(123712K) Class: 17182K(17728K)->17182K(17728K)
[46.108s][info][gc          ] GC(31) Pause Young (Normal) (G1 Evacuation Pause) 355M->203M(472M) 29.902ms
[46.109s][info][gc,cpu      ] GC(31) User=0.17s Sys=0.01s Real=0.03s
[47.258s][info][gc,start    ] GC(32) Pause Young (Normal) (G1 Evacuation Pause)
[47.258s][info][gc,task     ] GC(32) Using 8 workers of 8 for evacuation
[47.284s][info][gc,phases   ] GC(32)   Pre Evacuate Collection Set: 0.2ms
[47.284s][info][gc,phases   ] GC(32)   Merge Heap Roots: 0.3ms
[47.285s][info][gc,phases   ] GC(32)   Evacuate Collection Set: 22.2ms
[47.285s][info][gc,phases   ] GC(32)   Post Evacuate Collection Set: 1.9ms
[47.286s][info][gc,phases   ] GC(32)   Other: 1.0ms
[47.286s][info][gc,heap     ] GC(32) Eden regions: 40->0(39)
[47.287s][info][gc,heap     ] GC(32) Survivor regions: 5->4(6)
[47.287s][info][gc,heap     ] GC(32) Old regions: 41->45
[47.288s][info][gc,heap     ] GC(32) Archive regions: 0->0
[47.288s][info][gc,heap     ] GC(32) Humongous regions: 5->5
[47.289s][info][gc,metaspace] GC(32) Metaspace: 141280K(142464K)->141280K(142464K) NonClass: 123992K(124608K)->123992K(124608K) Class: 17287K(17856K)->17287K(17856K)
[47.289s][info][gc          ] GC(32) Pause Young (Normal) (G1 Evacuation Pause) 363M->213M(472M) 31.118ms
[47.290s][info][gc,cpu      ] GC(32) User=0.17s Sys=0.00s Real=0.03s
[48.495s][info][gc,start    ] GC(33) Pause Young (Normal) (G1 Evacuation Pause)
[48.496s][info][gc,task     ] GC(33) Using 8 workers of 8 for evacuation
[48.513s][info][gc,phases   ] GC(33)   Pre Evacuate Collection Set: 0.3ms
[48.514s][info][gc,phases   ] GC(33)   Merge Heap Roots: 0.3ms
[48.514s][info][gc,phases   ] GC(33)   Evacuate Collection Set: 13.8ms
[48.514s][info][gc,phases   ] GC(33)   Post Evacuate Collection Set: 2.4ms
[48.515s][info][gc,phases   ] GC(33)   Other: 1.5ms
[48.515s][info][gc,heap     ] GC(33) Eden regions: 39->0(119)
[48.515s][info][gc,heap     ] GC(33) Survivor regions: 4->3(6)
[48.516s][info][gc,heap     ] GC(33) Old regions: 45->48
[48.516s][info][gc,heap     ] GC(33) Archive regions: 0->0
[48.516s][info][gc,heap     ] GC(33) Humongous regions: 5->5
[48.517s][info][gc,metaspace] GC(33) Metaspace: 141625K(142848K)->141625K(142848K) NonClass: 124338K(124992K)->124338K(124992K) Class: 17287K(17856K)->17287K(17856K)
[48.517s][info][gc          ] GC(33) Pause Young (Normal) (G1 Evacuation Pause) 369M->218M(944M) 22.255ms
[48.518s][info][gc,cpu      ] GC(33) User=0.11s Sys=0.00s Real=0.02s
[52.076s][info][gc,start    ] GC(34) Pause Young (Normal) (G1 Evacuation Pause)
[52.077s][info][gc,task     ] GC(34) Using 8 workers of 8 for evacuation
[52.093s][info][gc,phases   ] GC(34)   Pre Evacuate Collection Set: 0.2ms
[52.093s][info][gc,phases   ] GC(34)   Merge Heap Roots: 0.2ms
[52.094s][info][gc,phases   ] GC(34)   Evacuate Collection Set: 14.0ms
[52.094s][info][gc,phases   ] GC(34)   Post Evacuate Collection Set: 1.1ms
[52.094s][info][gc,phases   ] GC(34)   Other: 1.4ms
[52.095s][info][gc,heap     ] GC(34) Eden regions: 119->0(136)
[52.095s][info][gc,heap     ] GC(34) Survivor regions: 3->5(16)
[52.095s][info][gc,heap     ] GC(34) Old regions: 48->48
[52.096s][info][gc,heap     ] GC(34) Archive regions: 0->0
[52.096s][info][gc,heap     ] GC(34) Humongous regions: 5->5
[52.096s][info][gc,metaspace] GC(34) Metaspace: 142049K(143232K)->142049K(143232K) NonClass: 124760K(125376K)->124760K(125376K) Class: 17288K(17856K)->17288K(17856K)
[52.096s][info][gc          ] GC(34) Pause Young (Normal) (G1 Evacuation Pause) 694M->226M(944M) 20.668ms
[52.097s][info][gc,cpu      ] GC(34) User=0.11s Sys=0.00s Real=0.02s
[57.942s][info][gc,start    ] GC(35) Pause Young (Normal) (G1 Evacuation Pause)
[57.943s][info][gc,task     ] GC(35) Using 8 workers of 8 for evacuation
[57.979s][info][gc,phases   ] GC(35)   Pre Evacuate Collection Set: 0.3ms
[57.980s][info][gc,phases   ] GC(35)   Merge Heap Roots: 0.3ms
[57.980s][info][gc,phases   ] GC(35)   Evacuate Collection Set: 32.4ms
[57.980s][info][gc,phases   ] GC(35)   Post Evacuate Collection Set: 2.3ms
[57.981s][info][gc,phases   ] GC(35)   Other: 1.8ms
[57.981s][info][gc,heap     ] GC(35) Eden regions: 136->0(132)
[57.982s][info][gc,heap     ] GC(35) Survivor regions: 5->9(18)
[57.982s][info][gc,heap     ] GC(35) Old regions: 48->48
[57.983s][info][gc,heap     ] GC(35) Archive regions: 0->0
[57.983s][info][gc,heap     ] GC(35) Humongous regions: 9->5
[57.984s][info][gc,metaspace] GC(35) Metaspace: 164774K(166208K)->164774K(166208K) NonClass: 144578K(145344K)->144578K(145344K) Class: 20195K(20864K)->20195K(20864K)
[57.984s][info][gc          ] GC(35) Pause Young (Normal) (G1 Evacuation Pause) 786M->241M(944M) 42.129ms
[57.985s][info][gc,cpu      ] GC(35) User=0.18s Sys=0.02s Real=0.04s
[95.786s][info][gc,start    ] GC(36) Pause Young (Normal) (G1 Evacuation Pause)
[95.787s][info][gc,task     ] GC(36) Using 8 workers of 8 for evacuation
[95.861s][info][gc,phases   ] GC(36)   Pre Evacuate Collection Set: 0.4ms
[95.861s][info][gc,phases   ] GC(36)   Merge Heap Roots: 0.5ms
[95.862s][info][gc,phases   ] GC(36)   Evacuate Collection Set: 69.0ms
[95.862s][info][gc,phases   ] GC(36)   Post Evacuate Collection Set: 3.8ms
[95.863s][info][gc,phases   ] GC(36)   Other: 1.2ms
[95.863s][info][gc,heap     ] GC(36) Eden regions: 132->0(85)
[95.864s][info][gc,heap     ] GC(36) Survivor regions: 9->18(18)
[95.864s][info][gc,heap     ] GC(36) Old regions: 48->64
[95.865s][info][gc,heap     ] GC(36) Archive regions: 0->0
[95.865s][info][gc,heap     ] GC(36) Humongous regions: 5->5
[95.866s][info][gc,metaspace] GC(36) Metaspace: 194009K(195648K)->194009K(195648K) NonClass: 169021K(169920K)->169021K(169920K) Class: 24987K(25728K)->24987K(25728K)
[95.866s][info][gc          ] GC(36) Pause Young (Normal) (G1 Evacuation Pause) 769M->347M(944M) 80.096ms
[95.867s][info][gc,cpu      ] GC(36) User=0.51s Sys=0.01s Real=0.08s
[115.272s][info][gc,start    ] GC(37) Pause Young (Normal) (G1 Evacuation Pause)
[115.272s][info][gc,task     ] GC(37) Using 8 workers of 8 for evacuation
[115.338s][info][gc,phases   ] GC(37)   Pre Evacuate Collection Set: 0.2ms
[115.338s][info][gc,phases   ] GC(37)   Merge Heap Roots: 0.2ms
[115.339s][info][gc,phases   ] GC(37)   Evacuate Collection Set: 61.9ms
[115.339s][info][gc,phases   ] GC(37)   Post Evacuate Collection Set: 3.0ms
[115.339s][info][gc,phases   ] GC(37)   Other: 1.0ms
[115.340s][info][gc,heap     ] GC(37) Eden regions: 85->0(74)
[115.340s][info][gc,heap     ] GC(37) Survivor regions: 18->13(13)
[115.341s][info][gc,heap     ] GC(37) Old regions: 64->83
[115.341s][info][gc,heap     ] GC(37) Archive regions: 0->0
[115.341s][info][gc,heap     ] GC(37) Humongous regions: 5->5
[115.342s][info][gc,metaspace] GC(37) Metaspace: 206593K(208256K)->206593K(208256K) NonClass: 180077K(180992K)->180077K(180992K) Class: 26515K(27264K)->26515K(27264K)
[115.342s][info][gc          ] GC(37) Pause Young (Normal) (G1 Evacuation Pause) 687M->403M(944M) 70.628ms
[115.343s][info][gc,cpu      ] GC(37) User=0.48s Sys=0.00s Real=0.07s
[118.316s][info][gc,start    ] GC(38) Pause Young (Normal) (G1 Evacuation Pause)
[118.317s][info][gc,task     ] GC(38) Using 8 workers of 8 for evacuation
[118.389s][info][gc,phases   ] GC(38)   Pre Evacuate Collection Set: 0.2ms
[118.390s][info][gc,phases   ] GC(38)   Merge Heap Roots: 0.1ms
[118.390s][info][gc,phases   ] GC(38)   Evacuate Collection Set: 69.7ms
[118.390s][info][gc,phases   ] GC(38)   Post Evacuate Collection Set: 2.1ms
[118.391s][info][gc,phases   ] GC(38)   Other: 0.9ms
[118.391s][info][gc,heap     ] GC(38) Eden regions: 74->0(69)
[118.391s][info][gc,heap     ] GC(38) Survivor regions: 13->9(11)
[118.391s][info][gc,heap     ] GC(38) Old regions: 83->96
[118.392s][info][gc,heap     ] GC(38) Archive regions: 0->0
[118.392s][info][gc,heap     ] GC(38) Humongous regions: 5->5
[118.392s][info][gc,metaspace] GC(38) Metaspace: 214814K(216512K)->214814K(216512K) NonClass: 187407K(188352K)->187407K(188352K) Class: 27406K(28160K)->27406K(28160K)
[118.392s][info][gc          ] GC(38) Pause Young (Normal) (G1 Evacuation Pause) 699M->436M(944M) 75.863ms
[118.393s][info][gc,cpu      ] GC(38) User=0.55s Sys=0.01s Real=0.08s
[120.324s][info][gc,start    ] GC(39) Pause Young (Normal) (G1 Evacuation Pause)
[120.324s][info][gc,task     ] GC(39) Using 8 workers of 8 for evacuation
[120.371s][info][gc,phases   ] GC(39)   Pre Evacuate Collection Set: 0.2ms
[120.372s][info][gc,phases   ] GC(39)   Merge Heap Roots: 0.2ms
[120.372s][info][gc,phases   ] GC(39)   Evacuate Collection Set: 43.9ms
[120.373s][info][gc,phases   ] GC(39)   Post Evacuate Collection Set: 1.8ms
[120.373s][info][gc,phases   ] GC(39)   Other: 1.3ms
[120.373s][info][gc,heap     ] GC(39) Eden regions: 69->0(71)
[120.374s][info][gc,heap     ] GC(39) Survivor regions: 9->4(10)
[120.374s][info][gc,heap     ] GC(39) Old regions: 96->104
[120.375s][info][gc,heap     ] GC(39) Archive regions: 0->0
[120.375s][info][gc,heap     ] GC(39) Humongous regions: 5->5
[120.375s][info][gc,metaspace] GC(39) Metaspace: 216720K(218432K)->216720K(218432K) NonClass: 189251K(190208K)->189251K(190208K) Class: 27468K(28224K)->27468K(28224K)
[120.376s][info][gc          ] GC(39) Pause Young (Normal) (G1 Evacuation Pause) 712M->449M(944M) 51.803ms
[120.376s][info][gc,cpu      ] GC(39) User=0.32s Sys=0.02s Real=0.05s
[121.265s][info][gc,start    ] GC(40) Pause Young (Concurrent Start) (Metadata GC Threshold)
[121.265s][info][gc,task     ] GC(40) Using 8 workers of 8 for evacuation
[121.308s][info][gc,phases   ] GC(40)   Pre Evacuate Collection Set: 0.6ms
[121.310s][info][gc,phases   ] GC(40)   Merge Heap Roots: 0.3ms
[121.311s][info][gc,phases   ] GC(40)   Evacuate Collection Set: 34.2ms
[121.311s][info][gc,phases   ] GC(40)   Post Evacuate Collection Set: 7.3ms
[121.312s][info][gc,phases   ] GC(40)   Other: 1.5ms
[121.312s][info][gc,heap     ] GC(40) Eden regions: 12->0(74)
[121.313s][info][gc,heap     ] GC(40) Survivor regions: 4->4(10)
[121.313s][info][gc,heap     ] GC(40) Old regions: 104->104
[121.314s][info][gc,heap     ] GC(40) Archive regions: 0->0
[121.315s][info][gc,heap     ] GC(40) Humongous regions: 5->5
[121.316s][info][gc,metaspace] GC(40) Metaspace: 224482K(226176K)->224482K(226176K) NonClass: 195871K(196800K)->195871K(196800K) Class: 28610K(29376K)->28610K(29376K)
[121.316s][info][gc          ] GC(40) Pause Young (Concurrent Start) (Metadata GC Threshold) 496M->449M(944M) 51.430ms
[121.317s][info][gc,cpu      ] GC(40) User=0.26s Sys=0.01s Real=0.05s
[121.317s][info][gc          ] GC(41) Concurrent Mark Cycle
[121.322s][info][gc,marking  ] GC(41) Concurrent Clear Claimed Marks
[121.324s][info][gc,marking  ] GC(41) Concurrent Clear Claimed Marks 1.473ms
[121.325s][info][gc,marking  ] GC(41) Concurrent Scan Root Regions
[121.344s][info][gc,marking  ] GC(41) Concurrent Scan Root Regions 19.478ms
[121.347s][info][gc,marking  ] GC(41) Concurrent Mark
[121.353s][info][gc,marking  ] GC(41) Concurrent Mark From Roots
[121.356s][info][gc,task     ] GC(41) Using 2 workers of 2 for marking
[121.923s][info][gc,marking  ] GC(41) Concurrent Mark From Roots 570.035ms
[121.924s][info][gc,marking  ] GC(41) Concurrent Preclean
[121.931s][info][gc,marking  ] GC(41) Concurrent Preclean 6.983ms
[121.938s][info][gc,start    ] GC(41) Pause Remark
[121.965s][info][gc          ] GC(41) Pause Remark 499M->495M(944M) 27.581ms
[121.966s][info][gc,cpu      ] GC(41) User=0.17s Sys=0.00s Real=0.03s
[121.980s][info][gc,marking  ] GC(41) Concurrent Mark 632.517ms
[121.981s][info][gc,marking  ] GC(41) Concurrent Rebuild Remembered Sets
[122.581s][info][gc,marking  ] GC(41) Concurrent Rebuild Remembered Sets 600.422ms
[122.583s][info][gc,start    ] GC(41) Pause Cleanup
[122.584s][info][gc          ] GC(41) Pause Cleanup 549M->549M(944M) 0.805ms
[122.585s][info][gc,cpu      ] GC(41) User=0.00s Sys=0.00s Real=0.00s
[122.585s][info][gc,marking  ] GC(41) Concurrent Cleanup for Next Mark
[122.592s][info][gc,marking  ] GC(41) Concurrent Cleanup for Next Mark 6.967ms
[122.593s][info][gc          ] GC(41) Concurrent Mark Cycle 1275.773ms
[124.139s][info][gc,start    ] GC(42) Pause Young (Prepare Mixed) (G1 Evacuation Pause)
[124.140s][info][gc,task     ] GC(42) Using 8 workers of 8 for evacuation
[124.173s][info][gc,phases   ] GC(42)   Pre Evacuate Collection Set: 0.2ms
[124.173s][info][gc,phases   ] GC(42)   Merge Heap Roots: 0.2ms
[124.173s][info][gc,phases   ] GC(42)   Evacuate Collection Set: 29.0ms
[124.174s][info][gc,phases   ] GC(42)   Post Evacuate Collection Set: 2.4ms
[124.174s][info][gc,phases   ] GC(42)   Other: 1.3ms
[124.175s][info][gc,heap     ] GC(42) Eden regions: 74->0(4)
[124.175s][info][gc,heap     ] GC(42) Survivor regions: 4->7(10)
[124.175s][info][gc,heap     ] GC(42) Old regions: 103->103
[124.176s][info][gc,heap     ] GC(42) Archive regions: 0->0
[124.176s][info][gc,heap     ] GC(42) Humongous regions: 5->5
[124.177s][info][gc,metaspace] GC(42) Metaspace: 226850K(228736K)->226850K(228736K) NonClass: 197995K(199040K)->197995K(199040K) Class: 28854K(29696K)->28854K(29696K)
[124.177s][info][gc          ] GC(42) Pause Young (Prepare Mixed) (G1 Evacuation Pause) 741M->459M(944M) 37.450ms
[124.177s][info][gc,cpu      ] GC(42) User=0.19s Sys=0.00s Real=0.04s
[124.320s][info][gc,start    ] GC(43) Pause Young (Mixed) (G1 Evacuation Pause)
[124.320s][info][gc,task     ] GC(43) Using 8 workers of 8 for evacuation
[124.352s][info][gc,phases   ] GC(43)   Pre Evacuate Collection Set: 0.2ms
[124.352s][info][gc,phases   ] GC(43)   Merge Heap Roots: 0.3ms
[124.353s][info][gc,phases   ] GC(43)   Evacuate Collection Set: 28.8ms
[124.353s][info][gc,phases   ] GC(43)   Post Evacuate Collection Set: 1.4ms
[124.353s][info][gc,phases   ] GC(43)   Other: 1.1ms
[124.354s][info][gc,heap     ] GC(43) Eden regions: 4->0(90)
[124.354s][info][gc,heap     ] GC(43) Survivor regions: 7->1(2)
[124.354s][info][gc,heap     ] GC(43) Old regions: 103->91
[124.355s][info][gc,heap     ] GC(43) Archive regions: 0->0
[124.355s][info][gc,heap     ] GC(43) Humongous regions: 5->5
[124.356s][info][gc,metaspace] GC(43) Metaspace: 226994K(228864K)->226994K(228864K) NonClass: 198131K(199168K)->198131K(199168K) Class: 28862K(29696K)->28862K(29696K)
[124.356s][info][gc          ] GC(43) Pause Young (Mixed) (G1 Evacuation Pause) 475M->387M(944M) 36.109ms
[124.356s][info][gc,cpu      ] GC(43) User=0.21s Sys=0.01s Real=0.03s
[126.851s][info][gc,start    ] GC(44) Pause Young (Concurrent Start) (G1 Evacuation Pause)
[126.852s][info][gc,task     ] GC(44) Using 8 workers of 8 for evacuation
[126.877s][info][gc,phases   ] GC(44)   Pre Evacuate Collection Set: 0.5ms
[126.878s][info][gc,phases   ] GC(44)   Merge Heap Roots: 0.3ms
[126.878s][info][gc,phases   ] GC(44)   Evacuate Collection Set: 21.0ms
[126.878s][info][gc,phases   ] GC(44)   Post Evacuate Collection Set: 2.8ms
[126.879s][info][gc,phases   ] GC(44)   Other: 1.4ms
[126.879s][info][gc,heap     ] GC(44) Eden regions: 90->0(89)
[126.880s][info][gc,heap     ] GC(44) Survivor regions: 1->5(12)
[126.880s][info][gc,heap     ] GC(44) Old regions: 91->91
[126.881s][info][gc,heap     ] GC(44) Archive regions: 0->0
[126.881s][info][gc,heap     ] GC(44) Humongous regions: 5->5
[126.881s][info][gc,metaspace] GC(44) Metaspace: 228204K(230144K)->228204K(230144K) NonClass: 199325K(200384K)->199325K(200384K) Class: 28878K(29760K)->28878K(29760K)
[126.882s][info][gc          ] GC(44) Pause Young (Concurrent Start) (G1 Evacuation Pause) 747M->400M(944M) 30.782ms
[126.882s][info][gc,cpu      ] GC(44) User=0.17s Sys=0.00s Real=0.03s
[126.883s][info][gc          ] GC(45) Concurrent Mark Cycle
[126.883s][info][gc,marking  ] GC(45) Concurrent Clear Claimed Marks
[126.884s][info][gc,marking  ] GC(45) Concurrent Clear Claimed Marks 0.758ms
[126.885s][info][gc,marking  ] GC(45) Concurrent Scan Root Regions
[126.923s][info][gc,marking  ] GC(45) Concurrent Scan Root Regions 38.613ms
[126.924s][info][gc,marking  ] GC(45) Concurrent Mark
[126.926s][info][gc,marking  ] GC(45) Concurrent Mark From Roots
[126.927s][info][gc,task     ] GC(45) Using 2 workers of 2 for marking
[127.967s][info][gc,marking  ] GC(45) Concurrent Mark From Roots 1040.760ms
[127.968s][info][gc,marking  ] GC(45) Concurrent Preclean
[127.979s][info][gc,marking  ] GC(45) Concurrent Preclean 11.565ms
[127.980s][info][gc,start    ] GC(45) Pause Remark
[127.999s][info][gc          ] GC(45) Pause Remark 538M->538M(944M) 18.485ms
[127.999s][info][gc,cpu      ] GC(45) User=0.10s Sys=0.01s Real=0.01s
[128.000s][info][gc,marking  ] GC(45) Concurrent Mark 1075.892ms
[128.005s][info][gc,marking  ] GC(45) Concurrent Rebuild Remembered Sets
[128.604s][info][gc,marking  ] GC(45) Concurrent Rebuild Remembered Sets 598.625ms
[128.605s][info][gc,start    ] GC(45) Pause Cleanup
[128.606s][info][gc          ] GC(45) Pause Cleanup 605M->605M(944M) 0.837ms
[128.606s][info][gc,cpu      ] GC(45) User=0.00s Sys=0.00s Real=0.00s
[128.607s][info][gc,marking  ] GC(45) Concurrent Cleanup for Next Mark
[128.618s][info][gc,marking  ] GC(45) Concurrent Cleanup for Next Mark 10.463ms
[128.620s][info][gc          ] GC(45) Concurrent Mark Cycle 1737.066ms
[129.605s][info][gc,start    ] GC(46) Pause Young (Prepare Mixed) (G1 Evacuation Pause)
[129.605s][info][gc,task     ] GC(46) Using 8 workers of 8 for evacuation
[129.638s][info][gc,phases   ] GC(46)   Pre Evacuate Collection Set: 0.2ms
[129.638s][info][gc,phases   ] GC(46)   Merge Heap Roots: 0.3ms
[129.639s][info][gc,phases   ] GC(46)   Evacuate Collection Set: 30.1ms
[129.639s][info][gc,phases   ] GC(46)   Post Evacuate Collection Set: 1.6ms
[129.640s][info][gc,phases   ] GC(46)   Other: 1.0ms
[129.640s][info][gc,heap     ] GC(46) Eden regions: 89->0(2)
[129.640s][info][gc,heap     ] GC(46) Survivor regions: 5->9(12)
[129.641s][info][gc,heap     ] GC(46) Old regions: 91->91
[129.641s][info][gc,heap     ] GC(46) Archive regions: 0->0
[129.642s][info][gc,heap     ] GC(46) Humongous regions: 5->5
[129.642s][info][gc,metaspace] GC(46) Metaspace: 229254K(231232K)->229254K(231232K) NonClass: 200324K(201408K)->200324K(201408K) Class: 28930K(29824K)->28930K(29824K)
[129.643s][info][gc          ] GC(46) Pause Young (Prepare Mixed) (G1 Evacuation Pause) 756M->416M(944M) 37.875ms
[129.643s][info][gc,cpu      ] GC(46) User=0.24s Sys=0.00s Real=0.04s
[129.661s][info][gc,start    ] GC(47) Pause Young (Mixed) (G1 Evacuation Pause)
[129.661s][info][gc,task     ] GC(47) Using 8 workers of 8 for evacuation
[129.696s][info][gc,phases   ] GC(47)   Pre Evacuate Collection Set: 0.3ms
[129.697s][info][gc,phases   ] GC(47)   Merge Heap Roots: 0.3ms
[129.697s][info][gc,phases   ] GC(47)   Evacuate Collection Set: 32.1ms
[129.697s][info][gc,phases   ] GC(47)   Post Evacuate Collection Set: 1.3ms
[129.698s][info][gc,phases   ] GC(47)   Other: 1.3ms
[129.698s][info][gc,heap     ] GC(47) Eden regions: 2->0(87)
[129.699s][info][gc,heap     ] GC(47) Survivor regions: 9->2(2)
[129.699s][info][gc,heap     ] GC(47) Old regions: 91->98
[129.699s][info][gc,heap     ] GC(47) Archive regions: 0->0
[129.700s][info][gc,heap     ] GC(47) Humongous regions: 5->5
[129.700s][info][gc,metaspace] GC(47) Metaspace: 229254K(231232K)->229254K(231232K) NonClass: 200324K(201408K)->200324K(201408K) Class: 28930K(29824K)->28930K(29824K)
[129.701s][info][gc          ] GC(47) Pause Young (Mixed) (G1 Evacuation Pause) 424M->413M(944M) 39.875ms
[129.701s][info][gc,cpu      ] GC(47) User=0.23s Sys=0.00s Real=0.04s
[134.338s][info][gc,start    ] GC(48) Pause Young (Normal) (G1 Evacuation Pause)
[134.339s][info][gc,task     ] GC(48) Using 8 workers of 8 for evacuation
[134.355s][info][gc,phases   ] GC(48)   Pre Evacuate Collection Set: 0.3ms
[134.356s][info][gc,phases   ] GC(48)   Merge Heap Roots: 0.2ms
[134.356s][info][gc,phases   ] GC(48)   Evacuate Collection Set: 13.0ms
[134.357s][info][gc,phases   ] GC(48)   Post Evacuate Collection Set: 2.1ms
[134.357s][info][gc,phases   ] GC(48)   Other: 1.2ms
[134.357s][info][gc,heap     ] GC(48) Eden regions: 87->0(89)
[134.358s][info][gc,heap     ] GC(48) Survivor regions: 2->3(12)
[134.358s][info][gc,heap     ] GC(48) Old regions: 98->98
[134.359s][info][gc,heap     ] GC(48) Archive regions: 0->0
[134.359s][info][gc,heap     ] GC(48) Humongous regions: 5->5
[134.360s][info][gc,metaspace] GC(48) Metaspace: 230938K(232832K)->230938K(232832K) NonClass: 201899K(202944K)->201899K(202944K) Class: 29039K(29888K)->29039K(29888K)
[134.360s][info][gc          ] GC(48) Pause Young (Normal) (G1 Evacuation Pause) 761M->419M(944M) 21.839ms
[134.361s][info][gc,cpu      ] GC(48) User=0.10s Sys=0.01s Real=0.03s
[137.854s][info][gc,heap,exit] Heap
[137.855s][info][gc,heap,exit]  garbage-first heap   total 966656K, used 503173K [0x00000006a7c00000, 0x0000000800000000)
[137.860s][info][gc,heap,exit]   region size 4096K, 21 young (86016K), 3 survivors (12288K)
[137.864s][info][gc,heap,exit]  Metaspace       used 234775K, committed 236736K, reserved 1261568K
[137.864s][info][gc,heap,exit]   class space    used 29515K, committed 30400K, reserved 1048576K
